// Jest Snapshot v1, https://goo.gl/fbAQLP

exports[`LocationButton component should match snapshot 1`] = `
<View
  style={
    Object {
      "bottom": 125,
      "position": "absolute",
      "right": 10,
    }
  }
>
  <RNGestureHandlerButton
    collapsable={false}
    onGestureEvent={[Function]}
    onGestureHandlerEvent={[Function]}
    onGestureHandlerStateChange={[Function]}
    onHandlerStateChange={[Function]}
    rippleColor={0}
    style={
      Array [
        Object {
          "overflow": "hidden",
        },
        undefined,
      ]
    }
  >
    <View
      accessible={true}
      style={
        Object {
          "alignItems": "center",
          "backgroundColor": "#fff",
          "borderColor": "rgba(0,0,0,0.2)",
          "borderRadius": 50,
          "borderWidth": 1,
          "height": 60,
          "justifyContent": "center",
          "opacity": 1,
          "width": 60,
        }
      }
      testID="locationButton"
    >
      <Text />
    </View>
  </RNGestureHandlerButton>
</View>
`;
