// Jest Snapshot v1, https://goo.gl/fbAQLP

exports[`MapOverlays component should match snapshot 1`] = `<View />`;
